---
source: parser/src/lexer/src_lexer.rs
expression: read_all_tokens_expanded(&mut l)

---
[
    Token {
        kind: String(
            "hello",
        ),
        leading_space: false,
        hideset: {
            "HELLO",
        },
        loc: None:4:1,
    },
    Token {
        kind: Symbol(
            Semicolon,
        ),
        leading_space: false,
        hideset: {},
        loc: None:4:6,
    },
    Token {
        kind: Int(
            Int(
                10,
            ),
        ),
        leading_space: true,
        hideset: {
            "TEN",
        },
        loc: None:4:8,
    },
    Token {
        kind: Symbol(
            Semicolon,
        ),
        leading_space: false,
        hideset: {},
        loc: None:4:11,
    },
    Token {
        kind: String(
            "hello",
        ),
        leading_space: false,
        hideset: {
            "HELLO",
        },
        loc: None:6:1,
    },
    Token {
        kind: Symbol(
            Semicolon,
        ),
        leading_space: false,
        hideset: {},
        loc: None:6:6,
    },
    Token {
        kind: Ident(
            "TEN",
        ),
        leading_space: true,
        hideset: {},
        loc: None:6:8,
    },
    Token {
        kind: Symbol(
            Semicolon,
        ),
        leading_space: false,
        hideset: {},
        loc: None:6:11,
    },
]
