---
source: lexer/src/src_lexer.rs
expression: read_all_tokens(&mut l)

---
[
    Token {
        kind: Keyword(
            Int,
        ),
        leading_space: false,
        loc: 1:1,
    },
    Token {
        kind: Ident(
            "main",
        ),
        leading_space: true,
        loc: 2:1,
    },
    Token {
        kind: Symbol(
            OpeningParen,
        ),
        leading_space: false,
        loc: 2:5,
    },
    Token {
        kind: Symbol(
            ClosingParen,
        ),
        leading_space: false,
        loc: 2:15,
    },
]
