---
source: parser/src/expr.rs
expression: node

---
Ok(
    Located {
        inner: Binary(
            Rem,
            Located {
                inner: Binary(
                    Div,
                    Located {
                        inner: Binary(
                            Mul,
                            Located {
                                inner: Literal(
                                    Int(
                                        Int(
                                            0,
                                        ),
                                    ),
                                ),
                                loc: None:1:1,
                            },
                            Located {
                                inner: Literal(
                                    Int(
                                        Int(
                                            1,
                                        ),
                                    ),
                                ),
                                loc: None:1:5,
                            },
                        ),
                        loc: None:1:1,
                    },
                    Located {
                        inner: Literal(
                            Int(
                                Int(
                                    2,
                                ),
                            ),
                        ),
                        loc: None:1:9,
                    },
                ),
                loc: None:1:1,
            },
            Located {
                inner: Literal(
                    Int(
                        Int(
                            3,
                        ),
                    ),
                ),
                loc: None:1:13,
            },
        ),
        loc: None:1:1,
    },
)
