---
source: parser/src/expr.rs
expression: node

---
Ok(
    Located {
        inner: Ternary(
            Located {
                inner: Literal(
                    Int(
                        Int(
                            1,
                        ),
                    ),
                ),
                loc: None:1:1,
            },
            Located {
                inner: Literal(
                    Int(
                        Int(
                            2,
                        ),
                    ),
                ),
                loc: None:1:5,
            },
            Located {
                inner: Literal(
                    Int(
                        Int(
                            3,
                        ),
                    ),
                ),
                loc: None:1:9,
            },
        ),
        loc: None:1:1,
    },
)
