---
source: parser/src/expr.rs
expression: node

---
Ok(
    Located {
        inner: Binary(
            LogicalAnd,
            Located {
                inner: Binary(
                    LogicalAnd,
                    Located {
                        inner: Binary(
                            LogicalAnd,
                            Located {
                                inner: Binary(
                                    Lt,
                                    Located {
                                        inner: Literal(
                                            Int(
                                                Int(
                                                    0,
                                                ),
                                            ),
                                        ),
                                        loc: None:1:1,
                                    },
                                    Located {
                                        inner: Literal(
                                            Int(
                                                Int(
                                                    1,
                                                ),
                                            ),
                                        ),
                                        loc: None:1:5,
                                    },
                                ),
                                loc: None:1:1,
                            },
                            Located {
                                inner: Binary(
                                    Le,
                                    Located {
                                        inner: Literal(
                                            Int(
                                                Int(
                                                    0,
                                                ),
                                            ),
                                        ),
                                        loc: None:1:10,
                                    },
                                    Located {
                                        inner: Literal(
                                            Int(
                                                Int(
                                                    1,
                                                ),
                                            ),
                                        ),
                                        loc: None:1:15,
                                    },
                                ),
                                loc: None:1:10,
                            },
                        ),
                        loc: None:1:1,
                    },
                    Located {
                        inner: Binary(
                            Gt,
                            Located {
                                inner: Literal(
                                    Int(
                                        Int(
                                            0,
                                        ),
                                    ),
                                ),
                                loc: None:1:20,
                            },
                            Located {
                                inner: Literal(
                                    Int(
                                        Int(
                                            1,
                                        ),
                                    ),
                                ),
                                loc: None:1:24,
                            },
                        ),
                        loc: None:1:20,
                    },
                ),
                loc: None:1:1,
            },
            Located {
                inner: Binary(
                    Ge,
                    Located {
                        inner: Literal(
                            Int(
                                Int(
                                    0,
                                ),
                            ),
                        ),
                        loc: None:1:29,
                    },
                    Located {
                        inner: Literal(
                            Int(
                                Int(
                                    1,
                                ),
                            ),
                        ),
                        loc: None:1:34,
                    },
                ),
                loc: None:1:29,
            },
        ),
        loc: None:1:1,
    },
)
