---
source: parser/src/decl.rs
expression: parser.parse_decl()

---
Ok(
    Located {
        inner: SimpleDecl(
            [
                SimpleDecl {
                    name: Ident(
                        "var",
                    ),
                    ty: Int(
                        Signed,
                    ),
                    init: None,
                },
                SimpleDecl {
                    name: Ident(
                        "var2",
                    ),
                    ty: Int(
                        Signed,
                    ),
                    init: None,
                },
            ],
        ),
        loc: None:1:1,
    },
)
