---
source: parser/src/expr.rs
expression: node

---
Ok(
    Located {
        inner: Binary(
            LogicalOr,
            Located {
                inner: Binary(
                    LogicalAnd,
                    Located {
                        inner: Literal(
                            Int(
                                Int(
                                    1,
                                ),
                            ),
                        ),
                        loc: None:1:1,
                    },
                    Located {
                        inner: Literal(
                            Int(
                                Int(
                                    2,
                                ),
                            ),
                        ),
                        loc: None:1:6,
                    },
                ),
                loc: None:1:1,
            },
            Located {
                inner: Binary(
                    LogicalAnd,
                    Located {
                        inner: Literal(
                            Int(
                                Int(
                                    3,
                                ),
                            ),
                        ),
                        loc: None:1:11,
                    },
                    Located {
                        inner: Literal(
                            Int(
                                Int(
                                    4,
                                ),
                            ),
                        ),
                        loc: None:1:16,
                    },
                ),
                loc: None:1:11,
            },
        ),
        loc: None:1:1,
    },
)
