---
source: lower/src/ast2ir/mod.rs
expression: decls

---
[
    Ok(
        SimpleDecl(
            [
                SimpleDecl {
                    name: Global(
                        [
                            "i",
                        ],
                    ),
                    ty: Int(
                        Signed,
                    ),
                    init: None,
                },
                SimpleDecl {
                    name: Global(
                        [
                            "j",
                        ],
                    ),
                    ty: Int(
                        Signed,
                    ),
                    init: None,
                },
            ],
        ),
    ),
]
